seaborn==0.11.2
lineapy
pandas==1.3.5
scikit-learn==1.5.0
altair==4.2.0
