scikit-learn==1.5.0
pandas==1.3.5
lineapy
altair==4.2.0
seaborn==0.11.2
